🕐 Waiting 20 minutes for CloudFront distributions to finish disabling...
Started at: Mon Jan  5 11:23:50 CST 2026


⏰ 20 minutes elapsed at: Mon Jan  5 11:43:50 CST 2026

━━━━━━━━━━━━━━━━━━━━━━━━━━━━━━━━━━━━━━━━━━━━━━━━━━━━━
🧹 Step 1: Running cleanup to delete disabled distributions...
━━━━━━━━━━━━━━━━━━━━━━━━━━━━━━━━━━━━━━━━━━━━━━━━━━━━━

🧹 Comprehensive Template Cleanup

This will:

  1. Delete old beauty-themed S3 buckets (7 buckets)
  2. Delete/disable CloudFront distributions for new templates (7 distributions)
  3. Delete Route53 DNS records for new templates (7 records)

━━━━━━━━━━━━━━━━━━━━━━━━━━━━━━━━━━━━━━━━━━━━━━━━━━━━━
Step 1: Deleting old beauty-themed S3 buckets

  Deleting S3 bucket: beauty-demo-example-jmarkets-jcampos-dev...
    ⏭️  Bucket beauty-demo-example-jmarkets-jcampos-dev doesn't exist - skipping
  Deleting S3 bucket: bella-natural-example-jmarkets-jcampos-dev...
    ⏭️  Bucket bella-natural-example-jmarkets-jcampos-dev doesn't exist - skipping
  Deleting S3 bucket: glam-studio-example-jmarkets-jcampos-dev...
    ⏭️  Bucket glam-studio-example-jmarkets-jcampos-dev doesn't exist - skipping
  Deleting S3 bucket: royal-hair-example-jmarkets-jcampos-dev...
    ⏭️  Bucket royal-hair-example-jmarkets-jcampos-dev doesn't exist - skipping
  Deleting S3 bucket: skin-love-example-jmarkets-jcampos-dev...
    ⏭️  Bucket skin-love-example-jmarkets-jcampos-dev doesn't exist - skipping
  Deleting S3 bucket: pro-nails-example-jmarkets-jcampos-dev...
    ⏭️  Bucket pro-nails-example-jmarkets-jcampos-dev doesn't exist - skipping
  Deleting S3 bucket: beauty-salon-example-jmarkets-jcampos-dev...
    ⏭️  Bucket beauty-salon-example-jmarkets-jcampos-dev doesn't exist - skipping

━━━━━━━━━━━━━━━━━━━━━━━━━━━━━━━━━━━━━━━━━━━━━━━━━━━━━
Step 2: Getting Route53 DNS records for new templates


━━━━━━━━━━━━━━━━━━━━━━━━━━━━━━━━━━━━━━━━━━━━━━━━━━━━━
Step 3: Deleting CloudFront distributions for new templates

  Processing CloudFront distribution: E10JBY20L0DKZX...
    ✅ Deleted E10JBY20L0DKZX
  Processing CloudFront distribution: ESQTTPMO2XC5U...
    ✅ Deleted ESQTTPMO2XC5U
  Processing CloudFront distribution: E3LM0A5UJXXQ1A...
    ✅ Deleted E3LM0A5UJXXQ1A
  Processing CloudFront distribution: E3U94B6TXRWEZ2...
    ✅ Deleted E3U94B6TXRWEZ2
  Processing CloudFront distribution: E14KX2JBW5YJS1...
    ✅ Disabled E14KX2JBW5YJS1 (needs 15-20 min to deploy before deletion)
  Processing CloudFront distribution: E1WDECF8V4DAFR...
    ✅ Deleted E1WDECF8V4DAFR
  Processing CloudFront distribution: E1ANS5IK9G868Z...
    ✅ Disabled E1ANS5IK9G868Z (needs 15-20 min to deploy before deletion)

  Summary: 5 deleted, 2 disabled (pending deletion)

  ⏰ 2 distributions were disabled and need 15-20 minutes to deploy.
     Run this script again later to complete deletion.

━━━━━━━━━━━━━━━━━━━━━━━━━━━━━━━━━━━━━━━━━━━━━━━━━━━━━
✅ Cleanup completed!

You can now run setup-template-bucket.js to deploy fresh infrastructure.


━━━━━━━━━━━━━━━━━━━━━━━━━━━━━━━━━━━━━━━━━━━━━━━━━━━━━
🚀 Step 2: Deploying fresh infrastructure with SSL...
━━━━━━━━━━━━━━━━━━━━━━━━━━━━━━━━━━━━━━━━━━━━━━━━━━━━━

🚀 Setting up template buckets and CloudFront distributions for all template organizations

📋 Template organizations: 7
🌍 Base domain: jmarkets.jcampos.dev

📦 Setting up main template bucket...

📦 Creating template bucket: jmarkets-template-market
✅ Bucket created: jmarkets-template-market
🔒 Blocking public access on jmarkets-template-market
✅ Public access blocked

📤 Uploading client files from ./dist/public
✅ Client files uploaded to template bucket

📋 Template bucket contents:
   Total files: 71

🔐 Checking for existing wildcard certificate for *.jmarkets.jcampos.dev...
  ✅ Found existing certificate: arn:aws:acm:us-east-1:938590657428:certificate/153c4324-5958-4711-b4a9-7830f4954cbb
  📊 Certificate status: PENDING_VALIDATION
  ⏳ Certificate is pending validation, will add DNS records...
  📝 Adding DNS validation records to Route53...
  ⚠️  Warning: Failed to add DNS validation records: UnknownError
  ℹ️  You may need to manually add the validation records
  ⏳ Waiting for certificate validation (max 10 minutes)...
  ⏳ Still pending... (attempt 1, elapsed 0s)  ⏳ Still pending... (attempt 2, elapsed 30s)  ⏳ Still pending... (attempt 3, elapsed 60s)  ⏳ Still pending... (attempt 4, elapsed 91s)  ⏳ Still pending... (attempt 5, elapsed 121s)  ⏳ Still pending... (attempt 6, elapsed 152s)  ⏳ Still pending... (attempt 7, elapsed 182s)  ⏳ Still pending... (attempt 8, elapsed 212s)
━━━━━━━━━━━━━━━━━━━━━━━━━━━━━━━━━━━━━━━━━━━━━━━━━━━━━
✅ Automated deployment completed at: Mon Jan  5 11:48:09 CST 2026
━━━━━━━━━━━━━━━━━━━━━━━━━━━━━━━━━━━━━━━━━━━━━━━━━━━━━
