🚀 Setting up template buckets and CloudFront distributions for all template organizations

📋 Template organizations: 8
🌍 Base domain: jmarkets.jcampos.dev
🔐 AWS Profile: J-CAMPOS
🌎 AWS Region: us-east-1

🔍 Retrieving AWS Account ID using profile: J-CAMPOS...
✅ AWS Account ID: 938590657428

🔍 Validating template builds...

  ✅ jmarkets-demo-example: ./dist/templates/jmarkets-demo
  ✅ tech-gadgets-example: ./dist/templates/tech-gadgets
  ✅ vintage-fashion-example: ./dist/templates/vintage-fashion
  ✅ artisan-crafts-example: ./dist/templates/artisan-crafts
  ✅ gourmet-foods-example: ./dist/templates/gourmet-foods
  ✅ fitness-hub-example: ./dist/templates/fitness-hub
  ✅ pet-care-example: ./dist/templates/pet-care
  ✅ beauty-essentials-example: ./dist/templates/beauty-essentials

📦 Setting up main template bucket...

📦 Creating template bucket: jmarkets-template-market
✅ Bucket created: jmarkets-template-market
🔒 Blocking public access on jmarkets-template-market
✅ Public access blocked

📤 Uploading client files from ./dist/public
✅ Client files uploaded to template bucket

📋 Template bucket contents:
   Total files: 119

🔐 Checking for existing wildcard certificate for *.jmarkets.jcampos.dev...
  ✅ Found existing certificate: arn:aws:acm:us-east-1:938590657428:certificate/a18f46b0-b2b1-46d0-80c1-233ad9addf91
  📊 Certificate status: ISSUED
  ✅ Certificate is already validated and issued

🏗️  Setting up infrastructure for: jmarkets-demo-example.jmarkets.jcampos.dev
  ✅ Bucket already exists: jmarkets-demo-example-jmarkets-jcampos-dev
✅ Using existing Origin Access Control: E2LAEKPMBMQRHG
  ✅ CloudFront distribution already exists: E29GSEG6NWVUCN
  🔐 Updated bucket policy for CloudFront access
  ✅ Created Route53 A record: jmarkets-demo-example.jmarkets.jcampos.dev → dxza0iq0xyaau.cloudfront.net
  📤 Uploading files to jmarkets-demo-example-jmarkets-jcampos-dev...
  ✅ Files uploaded to jmarkets-demo-example-jmarkets-jcampos-dev
  ✅ Infrastructure setup complete for jmarkets-demo-example

🏗️  Setting up infrastructure for: tech-gadgets-example.jmarkets.jcampos.dev
  ✅ Bucket already exists: tech-gadgets-example-jmarkets-jcampos-dev
✅ Using existing Origin Access Control: E2LAEKPMBMQRHG
  ✅ CloudFront distribution already exists: E369L8QE6LBBB
  🔐 Updated bucket policy for CloudFront access
  ✅ Created Route53 A record: tech-gadgets-example.jmarkets.jcampos.dev → d3jqegbbvxm7mi.cloudfront.net
  📤 Uploading files to tech-gadgets-example-jmarkets-jcampos-dev...
  ✅ Files uploaded to tech-gadgets-example-jmarkets-jcampos-dev
  ✅ Infrastructure setup complete for tech-gadgets-example

🏗️  Setting up infrastructure for: vintage-fashion-example.jmarkets.jcampos.dev
  ✅ Bucket already exists: vintage-fashion-example-jmarkets-jcampos-dev
✅ Using existing Origin Access Control: E2LAEKPMBMQRHG
  ✅ CloudFront distribution already exists: ETYKCVMQ5Q9AK
  🔐 Updated bucket policy for CloudFront access
  ✅ Created Route53 A record: vintage-fashion-example.jmarkets.jcampos.dev → d1wbb0vdcvdli8.cloudfront.net
  📤 Uploading files to vintage-fashion-example-jmarkets-jcampos-dev...
  ✅ Files uploaded to vintage-fashion-example-jmarkets-jcampos-dev
  ✅ Infrastructure setup complete for vintage-fashion-example

🏗️  Setting up infrastructure for: artisan-crafts-example.jmarkets.jcampos.dev
  ✅ Bucket already exists: artisan-crafts-example-jmarkets-jcampos-dev
✅ Using existing Origin Access Control: E2LAEKPMBMQRHG
  ✅ CloudFront distribution already exists: E350ZODWYO1VLH
  🔐 Updated bucket policy for CloudFront access
  ✅ Created Route53 A record: artisan-crafts-example.jmarkets.jcampos.dev → d3pw5ikkms83b7.cloudfront.net
  📤 Uploading files to artisan-crafts-example-jmarkets-jcampos-dev...
  ✅ Files uploaded to artisan-crafts-example-jmarkets-jcampos-dev
  ✅ Infrastructure setup complete for artisan-crafts-example

🏗️  Setting up infrastructure for: gourmet-foods-example.jmarkets.jcampos.dev
  ✅ Bucket already exists: gourmet-foods-example-jmarkets-jcampos-dev
✅ Using existing Origin Access Control: E2LAEKPMBMQRHG
  ✅ CloudFront distribution already exists: E2SP6SDOUWD9IB
  🔐 Updated bucket policy for CloudFront access
  ✅ Created Route53 A record: gourmet-foods-example.jmarkets.jcampos.dev → d1yjltpk9zcx1w.cloudfront.net
  📤 Uploading files to gourmet-foods-example-jmarkets-jcampos-dev...
  ✅ Files uploaded to gourmet-foods-example-jmarkets-jcampos-dev
  ✅ Infrastructure setup complete for gourmet-foods-example

🏗️  Setting up infrastructure for: fitness-hub-example.jmarkets.jcampos.dev
  ✅ Bucket already exists: fitness-hub-example-jmarkets-jcampos-dev
✅ Using existing Origin Access Control: E2LAEKPMBMQRHG
  ✅ CloudFront distribution already exists: E18NG4IIDMCK3E
  🔐 Updated bucket policy for CloudFront access
  ✅ Created Route53 A record: fitness-hub-example.jmarkets.jcampos.dev → dj90yg6p7v9kk.cloudfront.net
  📤 Uploading files to fitness-hub-example-jmarkets-jcampos-dev...
  ✅ Files uploaded to fitness-hub-example-jmarkets-jcampos-dev
  ✅ Infrastructure setup complete for fitness-hub-example

🏗️  Setting up infrastructure for: pet-care-example.jmarkets.jcampos.dev
  ✅ Bucket already exists: pet-care-example-jmarkets-jcampos-dev
✅ Using existing Origin Access Control: E2LAEKPMBMQRHG
  ✅ CloudFront distribution already exists: E3IEFTN8LQNGE2
  🔐 Updated bucket policy for CloudFront access
  ✅ Created Route53 A record: pet-care-example.jmarkets.jcampos.dev → dx34nbodpdc6u.cloudfront.net
  📤 Uploading files to pet-care-example-jmarkets-jcampos-dev...
  ✅ Files uploaded to pet-care-example-jmarkets-jcampos-dev
  ✅ Infrastructure setup complete for pet-care-example

🏗️  Setting up infrastructure for: beauty-essentials-example.jmarkets.jcampos.dev
  ✅ Bucket already exists: beauty-essentials-example-jmarkets-jcampos-dev
✅ Using existing Origin Access Control: E2LAEKPMBMQRHG
  ✅ CloudFront distribution already exists: E1HSDDHCUXQRC1
  🔐 Updated bucket policy for CloudFront access
  ✅ Created Route53 A record: beauty-essentials-example.jmarkets.jcampos.dev → d1uqmrn3vz5mka.cloudfront.net
  📤 Uploading files to beauty-essentials-example-jmarkets-jcampos-dev...
  ✅ Files uploaded to beauty-essentials-example-jmarkets-jcampos-dev
  ✅ Infrastructure setup complete for beauty-essentials-example

🏠 Setting up landing page infrastructure for: jmarkets.jcampos.dev
  ✅ Bucket already exists: jmarkets-jcampos-dev-landing
✅ Using existing Origin Access Control: E2LAEKPMBMQRHG
  🔐 Creating distribution with SSL certificate
  ✅ CloudFront distribution already exists: E3ISJMB7PXI17V
  🔐 Updated bucket policy for CloudFront access
  ✅ Created Route53 A record: jmarkets.jcampos.dev → d1zztehn4ayoes.cloudfront.net
  📤 Uploading landing page files to jmarkets-jcampos-dev-landing...
  ✅ Landing page files uploaded to jmarkets-jcampos-dev-landing
  ✅ Landing page infrastructure setup complete

🎛️  Setting up dashboard infrastructure for: admin.jmarkets.jcampos.dev
  ✅ Created bucket: admin-jmarkets-jcampos-dev
  🔒 Configured bucket access settings
✅ Using existing Origin Access Control: E2LAEKPMBMQRHG
  🔐 Creating distribution with SSL certificate
  ✅ Created CloudFront distribution: E32CF99EJB1AO2
  🌐 CloudFront domain: d2r1b764ia220d.cloudfront.net
  🔐 Updated bucket policy for CloudFront access
  ✅ Created Route53 A record: admin.jmarkets.jcampos.dev → d2r1b764ia220d.cloudfront.net
  📤 Uploading dashboard files to admin-jmarkets-jcampos-dev...
  ⚠️  Dashboard folder ./dashboard/dist does not exist
   Run "cd dashboard && npm run build" first to build the dashboard.
   Skipping dashboard file upload...
  ✅ Dashboard infrastructure setup complete


📊 SETUP SUMMARY
================================================================================
✅ Main template bucket: jmarkets-template-market
✅ Template organizations processed: 8/8
✅ Landing page deployed: https://jmarkets.jcampos.dev
✅ Dashboard deployed: https://admin.jmarkets.jcampos.dev


🏠 LANDING PAGE:

  jmarkets.jcampos.dev
    S3 Bucket:        jmarkets-jcampos-dev-landing
    Distribution ID:  E3ISJMB7PXI17V
    CloudFront URL:   https://d1zztehn4ayoes.cloudfront.net
    Custom Domain:    https://jmarkets.jcampos.dev

🎛️  DASHBOARD:

  admin.jmarkets.jcampos.dev
    S3 Bucket:        admin-jmarkets-jcampos-dev
    Distribution ID:  E32CF99EJB1AO2
    CloudFront URL:   https://d2r1b764ia220d.cloudfront.net
    Custom Domain:    https://admin.jmarkets.jcampos.dev

✅ TEMPLATE ORGANIZATIONS (8):

  jmarkets-demo-example.jmarkets.jcampos.dev
    S3 Bucket:        jmarkets-demo-example-jmarkets-jcampos-dev
    Distribution ID:  E29GSEG6NWVUCN
    CloudFront URL:   https://dxza0iq0xyaau.cloudfront.net
    Custom Domain:    https://jmarkets-demo-example.jmarkets.jcampos.dev

  tech-gadgets-example.jmarkets.jcampos.dev
    S3 Bucket:        tech-gadgets-example-jmarkets-jcampos-dev
    Distribution ID:  E369L8QE6LBBB
    CloudFront URL:   https://d3jqegbbvxm7mi.cloudfront.net
    Custom Domain:    https://tech-gadgets-example.jmarkets.jcampos.dev

  vintage-fashion-example.jmarkets.jcampos.dev
    S3 Bucket:        vintage-fashion-example-jmarkets-jcampos-dev
    Distribution ID:  ETYKCVMQ5Q9AK
    CloudFront URL:   https://d1wbb0vdcvdli8.cloudfront.net
    Custom Domain:    https://vintage-fashion-example.jmarkets.jcampos.dev

  artisan-crafts-example.jmarkets.jcampos.dev
    S3 Bucket:        artisan-crafts-example-jmarkets-jcampos-dev
    Distribution ID:  E350ZODWYO1VLH
    CloudFront URL:   https://d3pw5ikkms83b7.cloudfront.net
    Custom Domain:    https://artisan-crafts-example.jmarkets.jcampos.dev

  gourmet-foods-example.jmarkets.jcampos.dev
    S3 Bucket:        gourmet-foods-example-jmarkets-jcampos-dev
    Distribution ID:  E2SP6SDOUWD9IB
    CloudFront URL:   https://d1yjltpk9zcx1w.cloudfront.net
    Custom Domain:    https://gourmet-foods-example.jmarkets.jcampos.dev

  fitness-hub-example.jmarkets.jcampos.dev
    S3 Bucket:        fitness-hub-example-jmarkets-jcampos-dev
    Distribution ID:  E18NG4IIDMCK3E
    CloudFront URL:   https://dj90yg6p7v9kk.cloudfront.net
    Custom Domain:    https://fitness-hub-example.jmarkets.jcampos.dev

  pet-care-example.jmarkets.jcampos.dev
    S3 Bucket:        pet-care-example-jmarkets-jcampos-dev
    Distribution ID:  E3IEFTN8LQNGE2
    CloudFront URL:   https://dx34nbodpdc6u.cloudfront.net
    Custom Domain:    https://pet-care-example.jmarkets.jcampos.dev

  beauty-essentials-example.jmarkets.jcampos.dev
    S3 Bucket:        beauty-essentials-example-jmarkets-jcampos-dev
    Distribution ID:  E1HSDDHCUXQRC1
    CloudFront URL:   https://d1uqmrn3vz5mka.cloudfront.net
    Custom Domain:    https://beauty-essentials-example.jmarkets.jcampos.dev


📝 NEXT STEPS:
  1. If certificates were requested, validate them in AWS ACM Console
  2. Update CloudFront distributions with validated certificates
  3. Update HOSTED_ZONE_ID in .env if you want automatic DNS record creation
  4. Update AWS_ACCOUNT_ID in .env for automatic bucket policy creation

🎉 Setup completed!
