🔨 BUILDING ALL APPLICATIONS

================================================================================

This will build: templates, landing-client, dashboard, and store client

📦 Step 1/4: Building all templates...
   Command: npm run build:templates

> rest-express@1.0.0 build:templates
> npm run build:template:jmarkets-demo && npm run build:template:tech-gadgets && npm run build:template:vintage-fashion && npm run build:template:artisan-crafts && npm run build:template:gourmet-foods && npm run build:template:fitness-hub && npm run build:template:pet-care && npm run build:template:beauty-essentials


> rest-express@1.0.0 build:template:jmarkets-demo
> cd templates/jmarkets-demo && npm install && npm run build


up to date, audited 371 packages in 15s

42 packages are looking for funding
  run `npm fund` for details

15 vulnerabilities (13 low, 2 moderate)

To address issues that do not require attention, run:
  npm audit fix

To address all issues (including breaking changes), run:
  npm audit fix --force

Run `npm audit` for details.

> jmarkets-demo@1.0.0 build
> vite build

vite v5.4.21 building for production...
transforming...
✓ 1692 modules transformed.
rendering chunks...
computing gzip size...
../../dist/templates/jmarkets-demo/index.html                          1.22 kB │ gzip:  0.55 kB
../../dist/templates/jmarkets-demo/assets/index-wv02SGV1.css          35.80 kB │ gzip:  6.66 kB
../../dist/templates/jmarkets-demo/assets/vendor-query-BNhUnFQm.js     0.93 kB │ gzip:  0.58 kB
../../dist/templates/jmarkets-demo/assets/vendor-router-Czbhyuu8.js    5.12 kB │ gzip:  2.52 kB
../../dist/templates/jmarkets-demo/assets/vendor-ui-B89w9lge.js       31.44 kB │ gzip:  9.65 kB
../../dist/templates/jmarkets-demo/assets/vendor-react-BixgUiYW.js   141.29 kB │ gzip: 45.44 kB
../../dist/templates/jmarkets-demo/assets/index-5U0w0GE0.js          177.26 kB │ gzip: 53.41 kB
✓ built in 26.60s

> rest-express@1.0.0 build:template:tech-gadgets
> cd templates/tech-gadgets && npm install && npm run build


up to date, audited 374 packages in 4s

42 packages are looking for funding
  run `npm fund` for details

15 vulnerabilities (13 low, 2 moderate)

To address issues that do not require attention, run:
  npm audit fix

To address all issues (including breaking changes), run:
  npm audit fix --force

Run `npm audit` for details.

> @templates/tech-gadgets@1.0.0 build
> vite build

vite v5.4.21 building for production...
transforming...
✓ 1681 modules transformed.
rendering chunks...
computing gzip size...
../../dist/templates/tech-gadgets/index.html                          1.46 kB │ gzip:  0.65 kB
../../dist/templates/tech-gadgets/assets/index-D56CoqDo.css          40.52 kB │ gzip:  7.51 kB
../../dist/templates/tech-gadgets/assets/vendor-aws-De9GV7Vy.js       0.77 kB │ gzip:  0.41 kB
../../dist/templates/tech-gadgets/assets/vendor-query-CUToW7YH.js     0.93 kB │ gzip:  0.58 kB
../../dist/templates/tech-gadgets/assets/vendor-router-Cpmom1bg.js    5.12 kB │ gzip:  2.52 kB
../../dist/templates/tech-gadgets/assets/vendor-utils-BTGVH9Kg.js    20.28 kB │ gzip:  6.83 kB
../../dist/templates/tech-gadgets/assets/vendor-react-B_deTkiR.js   141.28 kB │ gzip: 45.44 kB
../../dist/templates/tech-gadgets/assets/index-CQ9N8w6O.js          175.68 kB │ gzip: 51.04 kB
✓ built in 11.03s

> rest-express@1.0.0 build:template:vintage-fashion
> cd templates/vintage-fashion && npm install && npm run build


up to date, audited 372 packages in 2s

42 packages are looking for funding
  run `npm fund` for details

15 vulnerabilities (13 low, 2 moderate)

To address issues that do not require attention, run:
  npm audit fix

To address all issues (including breaking changes), run:
  npm audit fix --force

Run `npm audit` for details.

> @templates/vintage-fashion@1.0.0 build
> vite build

vite v5.4.21 building for production...
transforming...
✓ 1691 modules transformed.
rendering chunks...
computing gzip size...
../../dist/templates/vintage-fashion/index.html                          1.90 kB │ gzip:  0.85 kB
../../dist/templates/vintage-fashion/assets/index-1PUZtklf.css          33.61 kB │ gzip:  6.59 kB
../../dist/templates/vintage-fashion/assets/vendor-router-DYJtITCs.js    5.16 kB │ gzip:  2.54 kB
../../dist/templates/vintage-fashion/assets/vendor-utils-BTGVH9Kg.js    20.28 kB │ gzip:  6.83 kB
../../dist/templates/vintage-fashion/assets/index-Cz0dfd_Z.js           87.20 kB │ gzip: 21.88 kB
../../dist/templates/vintage-fashion/assets/vendor-ui-Bg7JvkGm.js       91.11 kB │ gzip: 29.87 kB
../../dist/templates/vintage-fashion/assets/vendor-react-BfeTDsX3.js   141.29 kB │ gzip: 45.44 kB
✓ built in 3.13s

> rest-express@1.0.0 build:template:artisan-crafts
> cd templates/artisan-crafts && npm install && npm run build


up to date, audited 200 packages in 2s

31 packages are looking for funding
  run `npm fund` for details

2 moderate severity vulnerabilities

To address all issues (including breaking changes), run:
  npm audit fix --force

Run `npm audit` for details.

> artisan-crafts-template@1.0.0 build
> vite build

vite v5.4.21 building for production...
transforming...
✓ 1733 modules transformed.
rendering chunks...
computing gzip size...
../../dist/templates/artisan-crafts/index.html                          2.10 kB │ gzip:  0.96 kB
../../dist/templates/artisan-crafts/assets/index-PH7idPrE.css          37.19 kB │ gzip:  6.49 kB
../../dist/templates/artisan-crafts/assets/vendor-router-DYJtITCs.js    5.16 kB │ gzip:  2.54 kB
../../dist/templates/artisan-crafts/assets/vendor-ui-7RS_fAFg.js       81.13 kB │ gzip: 27.17 kB
../../dist/templates/artisan-crafts/assets/index-DkFtQjBu.js          140.99 kB │ gzip: 39.26 kB
../../dist/templates/artisan-crafts/assets/vendor-react-BfeTDsX3.js   141.29 kB │ gzip: 45.44 kB
✓ built in 7.22s

> rest-express@1.0.0 build:template:gourmet-foods
> cd templates/gourmet-foods && npm install && npm run build


up to date, audited 362 packages in 5s

37 packages are looking for funding
  run `npm fund` for details

15 vulnerabilities (13 low, 2 moderate)

To address issues that do not require attention, run:
  npm audit fix

To address all issues (including breaking changes), run:
  npm audit fix --force

Run `npm audit` for details.

> @template/gourmet-foods@1.0.0 build
> vite build

vite v5.4.21 building for production...
transforming...
✓ 1691 modules transformed.
rendering chunks...
computing gzip size...
../../dist/templates/gourmet-foods/index.html                          1.30 kB │ gzip:  0.59 kB
../../dist/templates/gourmet-foods/assets/index-io0XPNMP.css          51.42 kB │ gzip:  9.03 kB
../../dist/templates/gourmet-foods/assets/vendor-query-CFMm1Ldm.js     0.93 kB │ gzip:  0.58 kB
../../dist/templates/gourmet-foods/assets/vendor-router-DYJtITCs.js    5.16 kB │ gzip:  2.54 kB
../../dist/templates/gourmet-foods/assets/vendor-ui-CuqTJlBs.js       64.48 kB │ gzip: 22.09 kB
../../dist/templates/gourmet-foods/assets/index-DCephfLL.js          135.05 kB │ gzip: 38.37 kB
../../dist/templates/gourmet-foods/assets/vendor-react-BfeTDsX3.js   141.29 kB │ gzip: 45.44 kB
✓ built in 9.99s

> rest-express@1.0.0 build:template:fitness-hub
> cd templates/fitness-hub && npm install && npm run build


up to date, audited 378 packages in 7s

42 packages are looking for funding
  run `npm fund` for details

15 vulnerabilities (13 low, 2 moderate)

To address issues that do not require attention, run:
  npm audit fix

To address all issues (including breaking changes), run:
  npm audit fix --force

Run `npm audit` for details.

> @templates/fitness-hub@1.0.0 build
> vite build

vite v5.4.21 building for production...
transforming...
Browserslist: browsers data (caniuse-lite) is 15 months old. Please run:
  npx update-browserslist-db@latest
  Why you should do it regularly: https://github.com/browserslist/update-db#readme
✓ 2087 modules transformed.
rendering chunks...
computing gzip size...
../../dist/templates/fitness-hub/index.html                          1.32 kB │ gzip:  0.62 kB
../../dist/templates/fitness-hub/assets/index-BKWduJM1.css          33.40 kB │ gzip:  6.15 kB
../../dist/templates/fitness-hub/assets/vendor-router-JTjs1nbo.js    5.11 kB │ gzip:  2.51 kB
../../dist/templates/fitness-hub/assets/vendor-utils-BTGVH9Kg.js    20.28 kB │ gzip:  6.83 kB
../../dist/templates/fitness-hub/assets/vendor-motion-CpEMRC0n.js  112.41 kB │ gzip: 37.12 kB
../../dist/templates/fitness-hub/assets/vendor-react-B_deTkiR.js   141.28 kB │ gzip: 45.44 kB
../../dist/templates/fitness-hub/assets/index-Bbp9Wk8K.js          195.15 kB │ gzip: 58.88 kB
✓ built in 9.85s

> rest-express@1.0.0 build:template:pet-care
> cd templates/pet-care && npm install && npm run build


up to date, audited 306 packages in 10s

39 packages are looking for funding
  run `npm fund` for details

15 vulnerabilities (13 low, 2 moderate)

To address issues that do not require attention, run:
  npm audit fix

To address all issues (including breaking changes), run:
  npm audit fix --force

Run `npm audit` for details.

> @templates/pet-care@1.0.0 build
> vite build

vite v5.4.21 building for production...
transforming...
✓ 1679 modules transformed.
rendering chunks...
computing gzip size...
../../dist/templates/pet-care/index.html                          1.27 kB │ gzip:  0.58 kB
../../dist/templates/pet-care/assets/index-DZqiXm9M.css          36.25 kB │ gzip:  6.62 kB
../../dist/templates/pet-care/assets/vendor-query-CUToW7YH.js     0.93 kB │ gzip:  0.58 kB
../../dist/templates/pet-care/assets/vendor-router-pK9KMNOB.js    5.17 kB │ gzip:  2.54 kB
../../dist/templates/pet-care/assets/vendor-utils-BTGVH9Kg.js    20.28 kB │ gzip:  6.83 kB
../../dist/templates/pet-care/assets/vendor-react-B_deTkiR.js   141.28 kB │ gzip: 45.44 kB
../../dist/templates/pet-care/assets/index-CIBafctp.js          173.63 kB │ gzip: 51.30 kB
✓ built in 9.99s

> rest-express@1.0.0 build:template:beauty-essentials
> cd templates/beauty-essentials && npm install && npm run build


up to date, audited 360 packages in 9s

39 packages are looking for funding
  run `npm fund` for details

15 vulnerabilities (13 low, 2 moderate)

To address issues that do not require attention, run:
  npm audit fix

To address all issues (including breaking changes), run:
  npm audit fix --force

Run `npm audit` for details.

> @templates/beauty-essentials@1.0.0 build
> vite build

vite v5.4.21 building for production...
transforming...
✓ 2353 modules transformed.
rendering chunks...
computing gzip size...
../../dist/templates/beauty-essentials/index.html                          1.05 kB │ gzip:   0.51 kB
../../dist/templates/beauty-essentials/assets/index-DsiLnH-I.css          36.65 kB │ gzip:   7.07 kB
../../dist/templates/beauty-essentials/assets/vendor-router-BL73vhcc.js    5.17 kB │ gzip:   2.54 kB
../../dist/templates/beauty-essentials/assets/vendor-query-BOChB7ws.js    41.70 kB │ gzip:  12.58 kB
../../dist/templates/beauty-essentials/assets/vendor-react-BixgUiYW.js   141.29 kB │ gzip:  45.44 kB
../../dist/templates/beauty-essentials/assets/index-nM9zSzfN.js          469.60 kB │ gzip: 133.69 kB
✓ built in 10.02s
   ✅ Templates built successfully

📦 Step 2/4: Building landing-client...
   Command: npm run build:landing

> rest-express@1.0.0 build:landing
> cd landing-client && npm run build


> landing-client@1.0.0 build
> vite build

vite v5.4.21 building for production...
transforming...
✓ 2271 modules transformed.
rendering chunks...
computing gzip size...
../dist/landing/index.html                                 2.00 kB │ gzip:  0.90 kB
../dist/landing/assets/index-CehTPqXm.css                 43.62 kB │ gzip:  7.83 kB
../dist/landing/assets/arrow-right-BtFBZTND.js             0.33 kB │ gzip:  0.26 kB
../dist/landing/assets/lock-KasmLazB.js                    0.38 kB │ gzip:  0.29 kB
../dist/landing/assets/shield-BIBHK2S9.js                  0.44 kB │ gzip:  0.33 kB
../dist/landing/assets/users-DOVxPtTR.js                   0.47 kB │ gzip:  0.32 kB
../dist/landing/assets/file-text-COzt5aeK.js               0.50 kB │ gzip:  0.32 kB
../dist/landing/assets/badge-FvCyqIBI.js                   0.70 kB │ gzip:  0.39 kB
../dist/landing/assets/card-DNRDkyHC.js                    1.03 kB │ gzip:  0.40 kB
../dist/landing/assets/Terms-Wc121QCi.js                   2.69 kB │ gzip:  0.93 kB
../dist/landing/assets/Privacy-Cwe_AnLY.js                 2.69 kB │ gzip:  0.92 kB
../dist/landing/assets/cta-security-section-B57pDM0p.js    3.89 kB │ gzip:  1.39 kB
../dist/landing/assets/vendor-router-DPp2F5gQ.js           4.98 kB │ gzip:  2.47 kB
../dist/landing/assets/Cookies-DD4UbfLx.js                 5.08 kB │ gzip:  1.52 kB
../dist/landing/assets/Blog-BZ6vgU_L.js                    5.64 kB │ gzip:  1.65 kB
../dist/landing/assets/About-BimYojlR.js                   5.77 kB │ gzip:  1.62 kB
../dist/landing/assets/Contact-BVZ_8lVU.js                 7.51 kB │ gzip:  2.25 kB
../dist/landing/assets/Landing-DLkdx6oa.js                12.58 kB │ gzip:  3.47 kB
../dist/landing/assets/Examples-BCyJN_pS.js               19.02 kB │ gzip:  6.56 kB
../dist/landing/assets/vendor-utils-BTGVH9Kg.js           20.28 kB │ gzip:  6.83 kB
../dist/landing/assets/vendor-react-B_deTkiR.js          141.28 kB │ gzip: 45.44 kB
../dist/landing/assets/index-BLdjWT4N.js                 199.07 kB │ gzip: 58.36 kB
✓ built in 24.19s
   ✅ Landing client built successfully

📦 Step 3/4: Building dashboard...
   Command: npm run build:dashboard

> rest-express@1.0.0 build:dashboard
> cd dashboard && npm run build


> jmarkets-dashboard@1.0.0 build
> vite build

vite v5.4.21 building for production...
transforming...
✓ 2790 modules transformed.
rendering chunks...
computing gzip size...
../dist/dashboard/index.html                                 2.00 kB │ gzip:   0.90 kB
../dist/dashboard/assets/index-BnRI41AI.css                 94.27 kB │ gzip:  15.51 kB
../dist/dashboard/assets/plus-DxlMk0Zf.js                    0.32 kB │ gzip:   0.25 kB
../dist/dashboard/assets/arrow-left-_4_KYJhu.js              0.33 kB │ gzip:   0.26 kB
../dist/dashboard/assets/search--Ng0V3Pg.js                  0.34 kB │ gzip:   0.27 kB
../dist/dashboard/assets/clock-C78O-c7U.js                   0.35 kB │ gzip:   0.27 kB
../dist/dashboard/assets/circle-check-big-tPKc60wt.js        0.36 kB │ gzip:   0.28 kB
../dist/dashboard/assets/rotate-ccw-BXSdh7vk.js              0.37 kB │ gzip:   0.28 kB
../dist/dashboard/assets/circle-x-UNfYBQ2B.js                0.38 kB │ gzip:   0.28 kB
../dist/dashboard/assets/external-link-ClEk7qoF.js           0.42 kB │ gzip:   0.30 kB
../dist/dashboard/assets/eye-BO0HsH1q.js                     0.43 kB │ gzip:   0.30 kB
../dist/dashboard/assets/calendar-C6xhxgp2.js                0.43 kB │ gzip:   0.30 kB
../dist/dashboard/assets/user-plus-CgnTPN8H.js               0.48 kB │ gzip:   0.34 kB
../dist/dashboard/assets/square-pen-3pEIwD-p.js              0.49 kB │ gzip:   0.34 kB
../dist/dashboard/assets/save-CxijK3kU.js                    0.50 kB │ gzip:   0.33 kB
../dist/dashboard/assets/textarea-Bl4Ot7CS.js                0.54 kB │ gzip:   0.34 kB
../dist/dashboard/assets/eye-off-Bfr3PNXx.js                 0.60 kB │ gzip:   0.38 kB
../dist/dashboard/assets/badge-D8dchBCA.js                   0.70 kB │ gzip:   0.39 kB
../dist/dashboard/assets/shopping-cart-BD0cxeKx.js           0.80 kB │ gzip:   0.42 kB
../dist/dashboard/assets/phone-CQwtzyH6.js                   0.94 kB │ gzip:   0.47 kB
../dist/dashboard/assets/alert-CkOoBY0i.js                   0.95 kB │ gzip:   0.49 kB
../dist/dashboard/assets/label-qcLQJMMD.js                   0.95 kB │ gzip:   0.58 kB
../dist/dashboard/assets/OrderStatusBadge-CuT6_gxI.js        1.18 kB │ gzip:   0.51 kB
../dist/dashboard/assets/Order-D7ON8LVw.js                   1.48 kB │ gzip:   0.55 kB
../dist/dashboard/assets/table-CL0u6p3v.js                   1.53 kB │ gzip:   0.53 kB
../dist/dashboard/assets/form-C9DXOATK.js                    1.78 kB │ gzip:   0.78 kB
../dist/dashboard/assets/progress-steps-CnFhDJfo.js          1.91 kB │ gzip:   0.87 kB
../dist/dashboard/assets/dialog-C_QonqFR.js                  2.28 kB │ gzip:   0.87 kB
../dist/dashboard/assets/PaymentSettingsPage-B6oP2Hye.js     2.87 kB │ gzip:   1.11 kB
../dist/dashboard/assets/ShippingSettingsPage-BHbuJ5Qv.js    2.89 kB │ gzip:   1.11 kB
../dist/dashboard/assets/useDynamicTitle-CbgtTxlY.js         3.23 kB │ gzip:   1.43 kB
../dist/dashboard/assets/tabs-BS8hkOvq.js                    3.23 kB │ gzip:   1.36 kB
../dist/dashboard/assets/ForgotPassword-DkItC4QL.js          3.33 kB │ gzip:   1.13 kB
../dist/dashboard/assets/Login-DiHIYZRM.js                   3.76 kB │ gzip:   1.47 kB
../dist/dashboard/assets/image-upload-BMzbP7Ug.js            3.84 kB │ gzip:   1.69 kB
../dist/dashboard/assets/VerifyEmail-xolZgmfb.js             3.97 kB │ gzip:   1.34 kB
../dist/dashboard/assets/SelectOrganization-BtNv3LDc.js      4.10 kB │ gzip:   1.42 kB
../dist/dashboard/assets/Pagination-Ch-yVWR-.js              4.20 kB │ gzip:   1.35 kB
../dist/dashboard/assets/GeneralSettingsPage-COy74Ciz.js     4.24 kB │ gzip:   1.37 kB
../dist/dashboard/assets/CustomersPage-B3oesYj4.js           4.54 kB │ gzip:   1.66 kB
../dist/dashboard/assets/vendor-router-BPvJMQua.js           5.18 kB │ gzip:   2.55 kB
../dist/dashboard/assets/alert-dialog-DWvrSW6d.js            5.50 kB │ gzip:   2.12 kB
../dist/dashboard/assets/AcceptInvitation-DgdGdb2s.js        5.58 kB │ gzip:   1.61 kB
../dist/dashboard/assets/ThemeSettingsPage-Ccnf4iWv.js       5.64 kB │ gzip:   1.85 kB
../dist/dashboard/assets/ContactSettingsPage-sTccwgoo.js     6.11 kB │ gzip:   1.68 kB
../dist/dashboard/assets/DeploymentHistory-BFoY_mSD.js       6.56 kB │ gzip:   1.95 kB
../dist/dashboard/assets/ResetPassword-BgyRutv7.js           6.66 kB │ gzip:   2.01 kB
../dist/dashboard/assets/TeamMembersPage-B6A_qpuB.js         6.91 kB │ gzip:   2.64 kB
../dist/dashboard/assets/Register-DOrYfSyQ.js               10.81 kB │ gzip:   3.25 kB
../dist/dashboard/assets/CustomerDetailsPage-HhBbp680.js    10.89 kB │ gzip:   3.46 kB
../dist/dashboard/assets/Profile-sSWkeTwu.js                12.44 kB │ gzip:   2.91 kB
../dist/dashboard/assets/CreateOrganization-xEgROj1r.js     12.77 kB │ gzip:   3.95 kB
../dist/dashboard/assets/CategoriesPage-CZSthEee.js         13.45 kB │ gzip:   3.68 kB
../dist/dashboard/assets/OrganizationSettings-BpjANKxT.js   13.87 kB │ gzip:   3.47 kB
../dist/dashboard/assets/Dashboard-C2O1DUWb.js              15.66 kB │ gzip:   4.42 kB
../dist/dashboard/assets/ContentPage-DgV2KwcJ.js            16.19 kB │ gzip:   4.60 kB
../dist/dashboard/assets/OrderDetailsPage-BZv7QG_D.js       16.20 kB │ gzip:   4.20 kB
../dist/dashboard/assets/OrdersPage-Bf9lVT-f.js             18.27 kB │ gzip:   6.22 kB
../dist/dashboard/assets/select-CMksNPl6.js                 23.23 kB │ gzip:   8.10 kB
../dist/dashboard/assets/ProductsPage-BJYfYgML.js           31.62 kB │ gzip:   9.06 kB
../dist/dashboard/assets/vendor-utils-DIKbPCEO.js           42.88 kB │ gzip:  13.18 kB
../dist/dashboard/assets/types-Do0Uhce5.js                  82.31 kB │ gzip:  22.63 kB
../dist/dashboard/assets/vendor-react-B_deTkiR.js          141.28 kB │ gzip:  45.44 kB
../dist/dashboard/assets/index-B1LRsNpB.js                 538.22 kB │ gzip: 154.55 kB

(!) Some chunks are larger than 500 kB after minification. Consider:
- Using dynamic import() to code-split the application
- Use build.rollupOptions.output.manualChunks to improve chunking: https://rollupjs.org/configuration-options/#output-manualchunks
- Adjust chunk size limit for this warning via build.chunkSizeWarningLimit.
✓ built in 16.90s
   ✅ Dashboard built successfully

📦 Step 4/4: Building store client...
   Command: npm run build:store

> rest-express@1.0.0 build:store
> vite build

vite v5.4.19 building for production...
transforming...
✓ 2790 modules transformed.
rendering chunks...
computing gzip size...
../dist/public/index.html                                 2.24 kB │ gzip:  0.94 kB
../dist/public/assets/index-BFK8O3na.css                 92.80 kB │ gzip: 15.35 kB
../dist/public/assets/plus-cXx6d4wO.js                    0.32 kB │ gzip:  0.25 kB
../dist/public/assets/arrow-left-CNbbm56l.js              0.33 kB │ gzip:  0.26 kB
../dist/public/assets/search-BmGFO0f_.js                  0.34 kB │ gzip:  0.27 kB
../dist/public/assets/clock-DJRZOjCi.js                   0.35 kB │ gzip:  0.27 kB
../dist/public/assets/circle-check-big-BzFs5_i7.js        0.36 kB │ gzip:  0.28 kB
../dist/public/assets/rotate-ccw-CJktJyqv.js              0.37 kB │ gzip:  0.29 kB
../dist/public/assets/circle-x-Cr0LgJMY.js                0.38 kB │ gzip:  0.28 kB
../dist/public/assets/external-link-DSTL4y9f.js           0.42 kB │ gzip:  0.30 kB
../dist/public/assets/eye-L_BXUqFG.js                     0.43 kB │ gzip:  0.30 kB
../dist/public/assets/calendar-BucWD98f.js                0.43 kB │ gzip:  0.30 kB
../dist/public/assets/user-plus-_srN_nBO.js               0.48 kB │ gzip:  0.33 kB
../dist/public/assets/square-pen-Cl6DPlRi.js              0.49 kB │ gzip:  0.34 kB
../dist/public/assets/save-DX1NVtUT.js                    0.50 kB │ gzip:  0.33 kB
../dist/public/assets/textarea-oEr-9WR4.js                0.58 kB │ gzip:  0.36 kB
../dist/public/assets/eye-off-Dc3SPjfU.js                 0.60 kB │ gzip:  0.38 kB
../dist/public/assets/badge-C3XGVixk.js                   0.74 kB │ gzip:  0.41 kB
../dist/public/assets/shopping-cart-Td7Jn_nk.js           0.80 kB │ gzip:  0.42 kB
../dist/public/assets/phone-CkvzsNRG.js                   0.94 kB │ gzip:  0.47 kB
../dist/public/assets/alert-Cw2lv_mX.js                   0.99 kB │ gzip:  0.50 kB
../dist/public/assets/label-BqioSED6.js                   0.99 kB │ gzip:  0.60 kB
../dist/public/assets/tabs-CRwUe64O.js                    1.19 kB │ gzip:  0.50 kB
../dist/public/assets/OrderStatusBadge-D8hcA_DU.js        1.22 kB │ gzip:  0.53 kB
../dist/public/assets/Order-D-VvXbll.js                   1.48 kB │ gzip:  0.55 kB
../dist/public/assets/table-BGVKiNG9.js                   1.57 kB │ gzip:  0.56 kB
../dist/public/assets/form-D935hIeF.js                    1.82 kB │ gzip:  0.80 kB
../dist/public/assets/progress-steps-BhYKuVCh.js          1.95 kB │ gzip:  0.88 kB
../dist/public/assets/dialog-goRInQZ8.js                  2.35 kB │ gzip:  0.90 kB
../dist/public/assets/PaymentSettingsPage-2Pne2LGp.js     2.97 kB │ gzip:  1.15 kB
../dist/public/assets/ShippingSettingsPage-65uGsNWb.js    3.00 kB │ gzip:  1.15 kB
../dist/public/assets/useDynamicTitle-DFd24_xa.js         3.23 kB │ gzip:  1.43 kB
../dist/public/assets/ForgotPassword-CTpW2oJf.js          3.43 kB │ gzip:  1.17 kB
../dist/public/assets/select-xOrhSGbx.js                  3.63 kB │ gzip:  1.32 kB
../dist/public/assets/Login-Dco2G_tS.js                   3.86 kB │ gzip:  1.50 kB
../dist/public/assets/image-upload-CNS33pMZ.js            3.88 kB │ gzip:  1.70 kB
../dist/public/assets/VerifyEmail-D2Vr_pLV.js             4.08 kB │ gzip:  1.38 kB
../dist/public/assets/SelectOrganization-BzHD10q2.js      4.20 kB │ gzip:  1.46 kB
../dist/public/assets/Pagination-zxF35hpG.js              4.24 kB │ gzip:  1.37 kB
../dist/public/assets/GeneralSettingsPage-55WLtinB.js     4.35 kB │ gzip:  1.40 kB
../dist/public/assets/CustomersPage-8PHaFVr1.js           4.65 kB │ gzip:  1.70 kB
../dist/public/assets/vendor-router-ju_JVemb.js           5.18 kB │ gzip:  2.55 kB
../dist/public/assets/alert-dialog-DUK64aTA.js            5.57 kB │ gzip:  2.14 kB
../dist/public/assets/AcceptInvitation-D1rkuEcW.js        5.68 kB │ gzip:  1.65 kB
../dist/public/assets/ThemeSettingsPage-D8IGOz4Q.js       5.74 kB │ gzip:  1.88 kB
../dist/public/assets/ContactSettingsPage-CTAIM8OV.js     6.22 kB │ gzip:  1.71 kB
../dist/public/assets/DeploymentHistory-C5JnYhmj.js       6.67 kB │ gzip:  1.99 kB
../dist/public/assets/ResetPassword-nBAhNZL4.js           6.77 kB │ gzip:  2.05 kB
../dist/public/assets/TeamMembersPage-Bv93if9W.js         7.01 kB │ gzip:  2.68 kB
../dist/public/assets/Register-CtJuo3NX.js               10.92 kB │ gzip:  3.29 kB
../dist/public/assets/CustomerDetailsPage-WByeIYwx.js    10.99 kB │ gzip:  3.49 kB
../dist/public/assets/Profile-CZTx6wip.js                12.54 kB │ gzip:  2.95 kB
../dist/public/assets/CreateOrganization-CITDKFPS.js     12.87 kB │ gzip:  3.99 kB
../dist/public/assets/CategoriesPage-CNElr6_S.js         13.56 kB │ gzip:  3.72 kB
../dist/public/assets/OrganizationSettings-D15BcL0t.js   13.97 kB │ gzip:  3.50 kB
../dist/public/assets/Dashboard-qgdTRmwz.js              15.77 kB │ gzip:  4.45 kB
../dist/public/assets/ContentPage-CIKaxfjw.js            16.29 kB │ gzip:  4.64 kB
../dist/public/assets/OrderDetailsPage-7BCz5Gcy.js       16.30 kB │ gzip:  4.23 kB
../dist/public/assets/OrdersPage-BdXTYwVO.js             18.38 kB │ gzip:  6.25 kB
../dist/public/assets/ProductsPage-C732vGhe.js           31.73 kB │ gzip:  9.10 kB
../dist/public/assets/vendor-query-BvAyd2Nh.js           41.70 kB │ gzip: 12.58 kB
../dist/public/assets/vendor-utils-DIKbPCEO.js           42.88 kB │ gzip: 13.18 kB
../dist/public/assets/types-g9LMxV8L.js                  82.31 kB │ gzip: 22.63 kB
../dist/public/assets/vendor-aws-XLKRL8PG.js            126.36 kB │ gzip: 35.58 kB
../dist/public/assets/vendor-react-D03PmJbs.js          141.28 kB │ gzip: 45.44 kB
../dist/public/assets/vendor-ui-CUno0JRx.js             165.16 kB │ gzip: 52.94 kB
../dist/public/assets/index-DlyvzzlH.js                 227.10 kB │ gzip: 59.57 kB
✓ built in 23.29s
   ✅ Store client built successfully

✅ ALL BUILDS COMPLETED SUCCESSFULLY

================================================================================

🚀 Setting up template buckets and CloudFront distributions for all template organizations

📋 Template organizations: 8
🌍 Base domain: jmarkets.jcampos.dev
🔐 AWS Profile: J-CAMPOS
🌎 AWS Region: us-east-1

🔍 Retrieving AWS Account ID using profile: J-CAMPOS...
✅ AWS Account ID: 938590657428

🔍 Validating build outputs...

  ✅ Store client: ./dist/public
  ✅ Landing client: ./dist/landing
  ✅ Dashboard: ./dist/dashboard
  ✅ jmarkets-demo-example: ./dist/templates/jmarkets-demo
  ✅ tech-gadgets-example: ./dist/templates/tech-gadgets
  ✅ vintage-fashion-example: ./dist/templates/vintage-fashion
  ✅ artisan-crafts-example: ./dist/templates/artisan-crafts
  ✅ gourmet-foods-example: ./dist/templates/gourmet-foods
  ✅ fitness-hub-example: ./dist/templates/fitness-hub
  ✅ pet-care-example: ./dist/templates/pet-care
  ✅ beauty-essentials-example: ./dist/templates/beauty-essentials

📦 Setting up main template bucket...

📦 Creating template bucket: jmarkets-template-market
✅ Bucket created: jmarkets-template-market
🔒 Blocking public access on jmarkets-template-market
✅ Public access blocked

📤 Uploading client files from ./dist/public
✅ Client files uploaded to template bucket

📋 Template bucket contents:
   Total files: 239

🔐 Checking for existing wildcard certificate for *.jmarkets.jcampos.dev...
  ✅ Found existing certificate: arn:aws:acm:us-east-1:938590657428:certificate/a18f46b0-b2b1-46d0-80c1-233ad9addf91
  📊 Certificate status: ISSUED
  ✅ Certificate is already validated and issued

🏗️  Setting up infrastructure for: jmarkets-demo-example.jmarkets.jcampos.dev
  ✅ Bucket already exists: jmarkets-demo-example-jmarkets-jcampos-dev
✅ Using existing Origin Access Control: E2LAEKPMBMQRHG
  ✅ CloudFront distribution already exists: E29GSEG6NWVUCN
  🔐 Updated bucket policy for CloudFront access
  ✅ Created Route53 A record: jmarkets-demo-example.jmarkets.jcampos.dev → dxza0iq0xyaau.cloudfront.net
  📤 Uploading files to jmarkets-demo-example-jmarkets-jcampos-dev...
  ✅ Files uploaded to jmarkets-demo-example-jmarkets-jcampos-dev
  🔄 Creating CloudFront invalidation for distribution E29GSEG6NWVUCN...
  ✅ Invalidation created: IXABYVEPCXCJQV37NZ0ZWML5O (Status: InProgress)
  ✅ Infrastructure setup complete for jmarkets-demo-example

🏗️  Setting up infrastructure for: tech-gadgets-example.jmarkets.jcampos.dev
  ✅ Bucket already exists: tech-gadgets-example-jmarkets-jcampos-dev
✅ Using existing Origin Access Control: E2LAEKPMBMQRHG
  ✅ CloudFront distribution already exists: E369L8QE6LBBB
  🔐 Updated bucket policy for CloudFront access
  ✅ Created Route53 A record: tech-gadgets-example.jmarkets.jcampos.dev → d3jqegbbvxm7mi.cloudfront.net
  📤 Uploading files to tech-gadgets-example-jmarkets-jcampos-dev...
  ✅ Files uploaded to tech-gadgets-example-jmarkets-jcampos-dev
  🔄 Creating CloudFront invalidation for distribution E369L8QE6LBBB...
  ✅ Invalidation created: I59QH35GKK0T00GBR5YRZG84J (Status: InProgress)
  ✅ Infrastructure setup complete for tech-gadgets-example

🏗️  Setting up infrastructure for: vintage-fashion-example.jmarkets.jcampos.dev
  ✅ Bucket already exists: vintage-fashion-example-jmarkets-jcampos-dev
✅ Using existing Origin Access Control: E2LAEKPMBMQRHG
  ✅ CloudFront distribution already exists: ETYKCVMQ5Q9AK
  🔐 Updated bucket policy for CloudFront access
  ✅ Created Route53 A record: vintage-fashion-example.jmarkets.jcampos.dev → d1wbb0vdcvdli8.cloudfront.net
  📤 Uploading files to vintage-fashion-example-jmarkets-jcampos-dev...
  ✅ Files uploaded to vintage-fashion-example-jmarkets-jcampos-dev
  🔄 Creating CloudFront invalidation for distribution ETYKCVMQ5Q9AK...
  ✅ Invalidation created: I8WMFLO27L5AAKO4RYB7QJGTTJ (Status: InProgress)
  ✅ Infrastructure setup complete for vintage-fashion-example

🏗️  Setting up infrastructure for: artisan-crafts-example.jmarkets.jcampos.dev
  ✅ Bucket already exists: artisan-crafts-example-jmarkets-jcampos-dev
✅ Using existing Origin Access Control: E2LAEKPMBMQRHG
  ✅ CloudFront distribution already exists: E350ZODWYO1VLH
  🔐 Updated bucket policy for CloudFront access
  ✅ Created Route53 A record: artisan-crafts-example.jmarkets.jcampos.dev → d3pw5ikkms83b7.cloudfront.net
  📤 Uploading files to artisan-crafts-example-jmarkets-jcampos-dev...
  ✅ Files uploaded to artisan-crafts-example-jmarkets-jcampos-dev
  🔄 Creating CloudFront invalidation for distribution E350ZODWYO1VLH...
  ✅ Invalidation created: I1U673BXQOQJX8XEGI6YNJJ50H (Status: InProgress)
  ✅ Infrastructure setup complete for artisan-crafts-example

🏗️  Setting up infrastructure for: gourmet-foods-example.jmarkets.jcampos.dev
  ✅ Bucket already exists: gourmet-foods-example-jmarkets-jcampos-dev
✅ Using existing Origin Access Control: E2LAEKPMBMQRHG
  ✅ CloudFront distribution already exists: E2SP6SDOUWD9IB
  🔐 Updated bucket policy for CloudFront access
  ✅ Created Route53 A record: gourmet-foods-example.jmarkets.jcampos.dev → d1yjltpk9zcx1w.cloudfront.net
  📤 Uploading files to gourmet-foods-example-jmarkets-jcampos-dev...
  ✅ Files uploaded to gourmet-foods-example-jmarkets-jcampos-dev
  🔄 Creating CloudFront invalidation for distribution E2SP6SDOUWD9IB...
  ✅ Invalidation created: I2DOV5Y7TXTT6UHE50LP4IRBFC (Status: InProgress)
  ✅ Infrastructure setup complete for gourmet-foods-example

🏗️  Setting up infrastructure for: fitness-hub-example.jmarkets.jcampos.dev
  ✅ Bucket already exists: fitness-hub-example-jmarkets-jcampos-dev
✅ Using existing Origin Access Control: E2LAEKPMBMQRHG
  ✅ CloudFront distribution already exists: E18NG4IIDMCK3E
  🔐 Updated bucket policy for CloudFront access
  ✅ Created Route53 A record: fitness-hub-example.jmarkets.jcampos.dev → dj90yg6p7v9kk.cloudfront.net
  📤 Uploading files to fitness-hub-example-jmarkets-jcampos-dev...
  ✅ Files uploaded to fitness-hub-example-jmarkets-jcampos-dev
  🔄 Creating CloudFront invalidation for distribution E18NG4IIDMCK3E...
  ✅ Invalidation created: IEWU4R40GJ6F8A6PZ91DS4EMWH (Status: InProgress)
  ✅ Infrastructure setup complete for fitness-hub-example

🏗️  Setting up infrastructure for: pet-care-example.jmarkets.jcampos.dev
  ✅ Bucket already exists: pet-care-example-jmarkets-jcampos-dev
✅ Using existing Origin Access Control: E2LAEKPMBMQRHG
  ✅ CloudFront distribution already exists: E3IEFTN8LQNGE2
  🔐 Updated bucket policy for CloudFront access
  ✅ Created Route53 A record: pet-care-example.jmarkets.jcampos.dev → dx34nbodpdc6u.cloudfront.net
  📤 Uploading files to pet-care-example-jmarkets-jcampos-dev...
  ✅ Files uploaded to pet-care-example-jmarkets-jcampos-dev
  🔄 Creating CloudFront invalidation for distribution E3IEFTN8LQNGE2...
  ✅ Invalidation created: ICUSSMMR4OK0O9FUZZINF2S8E2 (Status: InProgress)
  ✅ Infrastructure setup complete for pet-care-example

🏗️  Setting up infrastructure for: beauty-essentials-example.jmarkets.jcampos.dev
  ✅ Bucket already exists: beauty-essentials-example-jmarkets-jcampos-dev
✅ Using existing Origin Access Control: E2LAEKPMBMQRHG
  ✅ CloudFront distribution already exists: E1HSDDHCUXQRC1
  🔐 Updated bucket policy for CloudFront access
  ✅ Created Route53 A record: beauty-essentials-example.jmarkets.jcampos.dev → d1uqmrn3vz5mka.cloudfront.net
  📤 Uploading files to beauty-essentials-example-jmarkets-jcampos-dev...
  ✅ Files uploaded to beauty-essentials-example-jmarkets-jcampos-dev
  🔄 Creating CloudFront invalidation for distribution E1HSDDHCUXQRC1...
  ✅ Invalidation created: IAFJ3UKWE862FVPPPZLASWVB7G (Status: InProgress)
  ✅ Infrastructure setup complete for beauty-essentials-example

🏠 Setting up landing page infrastructure for: jmarkets.jcampos.dev
  ✅ Bucket already exists: jmarkets-jcampos-dev-landing
✅ Using existing Origin Access Control: E2LAEKPMBMQRHG
  🔐 Creating distribution with SSL certificate
  ✅ CloudFront distribution already exists: E3ISJMB7PXI17V
  🔐 Updated bucket policy for CloudFront access
  ✅ Created Route53 A record: jmarkets.jcampos.dev → d1zztehn4ayoes.cloudfront.net
  📤 Uploading landing page files to jmarkets-jcampos-dev-landing...
  ✅ Landing page files uploaded to jmarkets-jcampos-dev-landing
  🔄 Creating CloudFront invalidation for distribution E3ISJMB7PXI17V...
  ✅ Invalidation created: I7S70AFX3NHTBI05Z8P5UZPYQC (Status: InProgress)
  ✅ Landing page infrastructure setup complete

🎛️  Setting up dashboard infrastructure for: admin.jmarkets.jcampos.dev
  ✅ Bucket already exists: admin-jmarkets-jcampos-dev
✅ Using existing Origin Access Control: E2LAEKPMBMQRHG
  🔐 Creating distribution with SSL certificate
  ✅ CloudFront distribution already exists: E32CF99EJB1AO2
  🔐 Updated bucket policy for CloudFront access
  ✅ Created Route53 A record: admin.jmarkets.jcampos.dev → d2r1b764ia220d.cloudfront.net
  📤 Uploading dashboard files to admin-jmarkets-jcampos-dev...
  ✅ Dashboard files uploaded to admin-jmarkets-jcampos-dev
  🔄 Creating CloudFront invalidation for distribution E32CF99EJB1AO2...
  ✅ Invalidation created: I7SXYROSPA8QD35VDZ4Y8M0KC2 (Status: InProgress)
  ✅ Dashboard infrastructure setup complete


📊 SETUP SUMMARY
================================================================================
✅ Main template bucket: jmarkets-template-market
✅ Template organizations processed: 8/8
✅ Landing page deployed: https://jmarkets.jcampos.dev
✅ Dashboard deployed: https://admin.jmarkets.jcampos.dev


🏠 LANDING PAGE:

  jmarkets.jcampos.dev
    S3 Bucket:        jmarkets-jcampos-dev-landing
    Distribution ID:  E3ISJMB7PXI17V
    CloudFront URL:   https://d1zztehn4ayoes.cloudfront.net
    Custom Domain:    https://jmarkets.jcampos.dev

🎛️  DASHBOARD:

  admin.jmarkets.jcampos.dev
    S3 Bucket:        admin-jmarkets-jcampos-dev
    Distribution ID:  E32CF99EJB1AO2
    CloudFront URL:   https://d2r1b764ia220d.cloudfront.net
    Custom Domain:    https://admin.jmarkets.jcampos.dev

✅ TEMPLATE ORGANIZATIONS (8):

  jmarkets-demo-example.jmarkets.jcampos.dev
    S3 Bucket:        jmarkets-demo-example-jmarkets-jcampos-dev
    Distribution ID:  E29GSEG6NWVUCN
    CloudFront URL:   https://dxza0iq0xyaau.cloudfront.net
    Custom Domain:    https://jmarkets-demo-example.jmarkets.jcampos.dev

  tech-gadgets-example.jmarkets.jcampos.dev
    S3 Bucket:        tech-gadgets-example-jmarkets-jcampos-dev
    Distribution ID:  E369L8QE6LBBB
    CloudFront URL:   https://d3jqegbbvxm7mi.cloudfront.net
    Custom Domain:    https://tech-gadgets-example.jmarkets.jcampos.dev

  vintage-fashion-example.jmarkets.jcampos.dev
    S3 Bucket:        vintage-fashion-example-jmarkets-jcampos-dev
    Distribution ID:  ETYKCVMQ5Q9AK
    CloudFront URL:   https://d1wbb0vdcvdli8.cloudfront.net
    Custom Domain:    https://vintage-fashion-example.jmarkets.jcampos.dev

  artisan-crafts-example.jmarkets.jcampos.dev
    S3 Bucket:        artisan-crafts-example-jmarkets-jcampos-dev
    Distribution ID:  E350ZODWYO1VLH
    CloudFront URL:   https://d3pw5ikkms83b7.cloudfront.net
    Custom Domain:    https://artisan-crafts-example.jmarkets.jcampos.dev

  gourmet-foods-example.jmarkets.jcampos.dev
    S3 Bucket:        gourmet-foods-example-jmarkets-jcampos-dev
    Distribution ID:  E2SP6SDOUWD9IB
    CloudFront URL:   https://d1yjltpk9zcx1w.cloudfront.net
    Custom Domain:    https://gourmet-foods-example.jmarkets.jcampos.dev

  fitness-hub-example.jmarkets.jcampos.dev
    S3 Bucket:        fitness-hub-example-jmarkets-jcampos-dev
    Distribution ID:  E18NG4IIDMCK3E
    CloudFront URL:   https://dj90yg6p7v9kk.cloudfront.net
    Custom Domain:    https://fitness-hub-example.jmarkets.jcampos.dev

  pet-care-example.jmarkets.jcampos.dev
    S3 Bucket:        pet-care-example-jmarkets-jcampos-dev
    Distribution ID:  E3IEFTN8LQNGE2
    CloudFront URL:   https://dx34nbodpdc6u.cloudfront.net
    Custom Domain:    https://pet-care-example.jmarkets.jcampos.dev

  beauty-essentials-example.jmarkets.jcampos.dev
    S3 Bucket:        beauty-essentials-example-jmarkets-jcampos-dev
    Distribution ID:  E1HSDDHCUXQRC1
    CloudFront URL:   https://d1uqmrn3vz5mka.cloudfront.net
    Custom Domain:    https://beauty-essentials-example.jmarkets.jcampos.dev


📝 NEXT STEPS:
  1. If certificates were requested, validate them in AWS ACM Console
  2. Update CloudFront distributions with validated certificates
  3. Update HOSTED_ZONE_ID in .env if you want automatic DNS record creation
  4. Update AWS_ACCOUNT_ID in .env for automatic bucket policy creation

🎉 Setup completed!
