🚀 JMarkets Lambda Deployment (Simple CloudFormation)
Checking AWS credentials...
{
    "UserId": "AIDA5VCC43OKHBVK6CT4J",
    "Account": "938590657428",
    "Arn": "arn:aws:iam::938590657428:user/JCampos-DEV"
}
📦 Building and packaging Lambda function...

> rest-express@1.0.0 package:lambda
> npm run generate:swagger && npm run build:lambda && cd dist && zip -r ../lambda-package.zip lambda.js swagger-spec.json


> rest-express@1.0.0 generate:swagger
> node generate-swagger-spec.cjs

✅ Swagger spec generated at: /Users/jcampos/WebstormProjects/BeautyMarket/dist/swagger-spec.json
📊 Paths found: 75

> rest-express@1.0.0 build:lambda
> esbuild server/lambda.cts --platform=node --bundle --format=cjs --outfile=dist/lambda.js --external:@aws-sdk/* --external:pg-native --external:@babel/* --external:lightningcss --external:vite


  dist/lambda.js  3.5mb ⚠️

⚡ Done in 175ms
updating: lambda.js (deflated 81%)
updating: swagger-spec.json (deflated 93%)
✅ Lambda package created: 704K
✅ Found IAM policy: arn:aws:iam::938590657428:policy/jmarkets-backend-policy-dev
🚀 Deploying jmarkets-lambda...

Waiting for changeset to be created..

No changes to deploy. Stack jmarkets-lambda is up to date
✅ jmarkets-lambda deployed successfully!
🔄 Updating Lambda function code...
✅ Lambda code updated successfully!

✅ Lambda deployment completed!
📝 Run ./deploys/deploy-api-gateway.sh to deploy API Gateway
