🚀 Setting up template buckets and CloudFront distributions for all template organizations

📋 Template organizations: 7
🌍 Base domain: jmarkets.jcampos.dev

📦 Setting up main template bucket...

📦 Creating template bucket: jmarkets-template-market
✅ Bucket created: jmarkets-template-market
🔒 Blocking public access on jmarkets-template-market
✅ Public access blocked

📤 Uploading client files from ./dist/public
✅ Client files uploaded to template bucket

📋 Template bucket contents:
   Total files: 71

🔐 Checking for existing wildcard certificate for *.jmarkets.jcampos.dev...
❌ Failed to handle wildcard certificate: User: arn:aws:iam::938590657428:user/strawberry-be-dev is not authorized to perform: acm:ListCertificates because no identity-based policy allows the acm:ListCertificates action
⚠️  Failed to setup SSL certificate: User: arn:aws:iam::938590657428:user/strawberry-be-dev is not authorized to perform: acm:ListCertificates because no identity-based policy allows the acm:ListCertificates action
   Continuing without SSL (distributions will use CloudFront default certificate)


🏗️  Setting up infrastructure for: jmarkets-demo-example.jmarkets.jcampos.dev
  ✅ Created bucket: jmarkets-demo-example-jmarkets-jcampos-dev
  🔒 Configured bucket access settings
✅ Using existing Origin Access Control: E2LAEKPMBMQRHG
  ⚠️  Creating distribution without SSL certificate (requires manual setup)
  ✅ Created CloudFront distribution: E10JBY20L0DKZX
  🌐 CloudFront domain: d382v81hj51drb.cloudfront.net
  🔐 Updated bucket policy for CloudFront access
  ✅ Created Route53 A record: jmarkets-demo-example.jmarkets.jcampos.dev → d382v81hj51drb.cloudfront.net
  📤 Uploading files to jmarkets-demo-example-jmarkets-jcampos-dev...
  ✅ Files uploaded to jmarkets-demo-example-jmarkets-jcampos-dev
  ✅ Infrastructure setup complete for jmarkets-demo-example

🏗️  Setting up infrastructure for: tech-gadgets-example.jmarkets.jcampos.dev
  ✅ Created bucket: tech-gadgets-example-jmarkets-jcampos-dev
  🔒 Configured bucket access settings
✅ Using existing Origin Access Control: E2LAEKPMBMQRHG
  ⚠️  Creating distribution without SSL certificate (requires manual setup)
  ✅ Created CloudFront distribution: ESQTTPMO2XC5U
  🌐 CloudFront domain: d3j5am2i3ezcru.cloudfront.net
  🔐 Updated bucket policy for CloudFront access
  ✅ Created Route53 A record: tech-gadgets-example.jmarkets.jcampos.dev → d3j5am2i3ezcru.cloudfront.net
  📤 Uploading files to tech-gadgets-example-jmarkets-jcampos-dev...
  ✅ Files uploaded to tech-gadgets-example-jmarkets-jcampos-dev
  ✅ Infrastructure setup complete for tech-gadgets-example

🏗️  Setting up infrastructure for: vintage-fashion-example.jmarkets.jcampos.dev
  ✅ Created bucket: vintage-fashion-example-jmarkets-jcampos-dev
  🔒 Configured bucket access settings
✅ Using existing Origin Access Control: E2LAEKPMBMQRHG
  ⚠️  Creating distribution without SSL certificate (requires manual setup)
  ✅ Created CloudFront distribution: E3LM0A5UJXXQ1A
  🌐 CloudFront domain: d2ttd9zf2rrbp7.cloudfront.net
  🔐 Updated bucket policy for CloudFront access
  ✅ Created Route53 A record: vintage-fashion-example.jmarkets.jcampos.dev → d2ttd9zf2rrbp7.cloudfront.net
  📤 Uploading files to vintage-fashion-example-jmarkets-jcampos-dev...
  ✅ Files uploaded to vintage-fashion-example-jmarkets-jcampos-dev
  ✅ Infrastructure setup complete for vintage-fashion-example

🏗️  Setting up infrastructure for: artisan-crafts-example.jmarkets.jcampos.dev
  ✅ Created bucket: artisan-crafts-example-jmarkets-jcampos-dev
  🔒 Configured bucket access settings
✅ Using existing Origin Access Control: E2LAEKPMBMQRHG
  ⚠️  Creating distribution without SSL certificate (requires manual setup)
  ✅ Created CloudFront distribution: E3U94B6TXRWEZ2
  🌐 CloudFront domain: d10wp0zpcj3xt1.cloudfront.net
  🔐 Updated bucket policy for CloudFront access
  ✅ Created Route53 A record: artisan-crafts-example.jmarkets.jcampos.dev → d10wp0zpcj3xt1.cloudfront.net
  📤 Uploading files to artisan-crafts-example-jmarkets-jcampos-dev...
  ✅ Files uploaded to artisan-crafts-example-jmarkets-jcampos-dev
  ✅ Infrastructure setup complete for artisan-crafts-example

🏗️  Setting up infrastructure for: gourmet-foods-example.jmarkets.jcampos.dev
  ✅ Created bucket: gourmet-foods-example-jmarkets-jcampos-dev
  🔒 Configured bucket access settings
✅ Using existing Origin Access Control: E2LAEKPMBMQRHG
  ⚠️  Creating distribution without SSL certificate (requires manual setup)
  ✅ Created CloudFront distribution: E14KX2JBW5YJS1
  🌐 CloudFront domain: dktmi5sssxx6l.cloudfront.net
  🔐 Updated bucket policy for CloudFront access
  ✅ Created Route53 A record: gourmet-foods-example.jmarkets.jcampos.dev → dktmi5sssxx6l.cloudfront.net
  📤 Uploading files to gourmet-foods-example-jmarkets-jcampos-dev...
  ✅ Files uploaded to gourmet-foods-example-jmarkets-jcampos-dev
  ✅ Infrastructure setup complete for gourmet-foods-example

🏗️  Setting up infrastructure for: fitness-hub-example.jmarkets.jcampos.dev
  ✅ Created bucket: fitness-hub-example-jmarkets-jcampos-dev
  🔒 Configured bucket access settings
✅ Using existing Origin Access Control: E2LAEKPMBMQRHG
  ⚠️  Creating distribution without SSL certificate (requires manual setup)
  ✅ Created CloudFront distribution: E1WDECF8V4DAFR
  🌐 CloudFront domain: d1lqhl7tq30xaz.cloudfront.net
  🔐 Updated bucket policy for CloudFront access
  ✅ Created Route53 A record: fitness-hub-example.jmarkets.jcampos.dev → d1lqhl7tq30xaz.cloudfront.net
  📤 Uploading files to fitness-hub-example-jmarkets-jcampos-dev...
  ✅ Files uploaded to fitness-hub-example-jmarkets-jcampos-dev
  ✅ Infrastructure setup complete for fitness-hub-example

🏗️  Setting up infrastructure for: pet-care-example.jmarkets.jcampos.dev
  ✅ Created bucket: pet-care-example-jmarkets-jcampos-dev
  🔒 Configured bucket access settings
✅ Using existing Origin Access Control: E2LAEKPMBMQRHG
  ⚠️  Creating distribution without SSL certificate (requires manual setup)
  ✅ Created CloudFront distribution: E1ANS5IK9G868Z
  🌐 CloudFront domain: d13uvzvvz1evfp.cloudfront.net
  🔐 Updated bucket policy for CloudFront access
  ✅ Created Route53 A record: pet-care-example.jmarkets.jcampos.dev → d13uvzvvz1evfp.cloudfront.net
  📤 Uploading files to pet-care-example-jmarkets-jcampos-dev...
  ✅ Files uploaded to pet-care-example-jmarkets-jcampos-dev
  ✅ Infrastructure setup complete for pet-care-example


📊 SETUP SUMMARY
================================================================================
✅ Main template bucket: jmarkets-template-market
✅ Template organizations processed: 7/7


✅ SUCCESSFUL DEPLOYMENTS (7):

  jmarkets-demo-example.jmarkets.jcampos.dev
    S3 Bucket:        jmarkets-demo-example-jmarkets-jcampos-dev
    Distribution ID:  E10JBY20L0DKZX
    CloudFront URL:   https://d382v81hj51drb.cloudfront.net
    Custom Domain:    https://jmarkets-demo-example.jmarkets.jcampos.dev

  tech-gadgets-example.jmarkets.jcampos.dev
    S3 Bucket:        tech-gadgets-example-jmarkets-jcampos-dev
    Distribution ID:  ESQTTPMO2XC5U
    CloudFront URL:   https://d3j5am2i3ezcru.cloudfront.net
    Custom Domain:    https://tech-gadgets-example.jmarkets.jcampos.dev

  vintage-fashion-example.jmarkets.jcampos.dev
    S3 Bucket:        vintage-fashion-example-jmarkets-jcampos-dev
    Distribution ID:  E3LM0A5UJXXQ1A
    CloudFront URL:   https://d2ttd9zf2rrbp7.cloudfront.net
    Custom Domain:    https://vintage-fashion-example.jmarkets.jcampos.dev

  artisan-crafts-example.jmarkets.jcampos.dev
    S3 Bucket:        artisan-crafts-example-jmarkets-jcampos-dev
    Distribution ID:  E3U94B6TXRWEZ2
    CloudFront URL:   https://d10wp0zpcj3xt1.cloudfront.net
    Custom Domain:    https://artisan-crafts-example.jmarkets.jcampos.dev

  gourmet-foods-example.jmarkets.jcampos.dev
    S3 Bucket:        gourmet-foods-example-jmarkets-jcampos-dev
    Distribution ID:  E14KX2JBW5YJS1
    CloudFront URL:   https://dktmi5sssxx6l.cloudfront.net
    Custom Domain:    https://gourmet-foods-example.jmarkets.jcampos.dev

  fitness-hub-example.jmarkets.jcampos.dev
    S3 Bucket:        fitness-hub-example-jmarkets-jcampos-dev
    Distribution ID:  E1WDECF8V4DAFR
    CloudFront URL:   https://d1lqhl7tq30xaz.cloudfront.net
    Custom Domain:    https://fitness-hub-example.jmarkets.jcampos.dev

  pet-care-example.jmarkets.jcampos.dev
    S3 Bucket:        pet-care-example-jmarkets-jcampos-dev
    Distribution ID:  E1ANS5IK9G868Z
    CloudFront URL:   https://d13uvzvvz1evfp.cloudfront.net
    Custom Domain:    https://pet-care-example.jmarkets.jcampos.dev


📝 NEXT STEPS:
  1. If certificates were requested, validate them in AWS ACM Console
  2. Update CloudFront distributions with validated certificates
  3. Update HOSTED_ZONE_ID in .env if you want automatic DNS record creation
  4. Update AWS_ACCOUNT_ID in .env for automatic bucket policy creation

🎉 Setup completed!
